################################################################################
#                                                                              #
#      IAR Universal Linker V6.6.2.104                                         #
#                                                                              #
#           Link time     =  01/Aug/2024  13:00:22                             #
#           Target CPU    =  MSP430                                            #
#           List file     =  C:\Users\elokn\Documents\Studium\6.Sem\Untersuchu #
#                            ng_R2R_Mittelwert_PWM\Debug\List\R2R.map          #
#           Output file 1 =  C:\Users\elokn\Documents\Studium\6.Sem\Untersuchu #
#                            ng_R2R_Mittelwert_PWM\Debug\Exe\R2R.d43           #
#                            Format: ubrof10                                   #
#                            UBROF version 10.0.6                              #
#                            Using library modules for C-SPY (-rt)             #
#           Command line  =  -f C:\Users\elokn\AppData\Local\Temp\EW24BD.tmp   #
#                            (C:\Users\elokn\Documents\Studium\6.Sem\Untersuch #
#                            ung_R2R_Mittelwert_PWM\Debug\Obj\init.r43         #
#                            C:\Users\elokn\Documents\Studium\6.Sem\Untersuchu #
#                            ng_R2R_Mittelwert_PWM\Debug\Obj\interface.r43     #
#                            C:\Users\elokn\Documents\Studium\6.Sem\Untersuchu #
#                            ng_R2R_Mittelwert_PWM\Debug\Obj\main.r43          #
#                            -o                                                #
#                            C:\Users\elokn\Documents\Studium\6.Sem\Untersuchu #
#                            ng_R2R_Mittelwert_PWM\Debug\Exe\R2R.d43           #
#                            -l                                                #
#                            C:\Users\elokn\Documents\Studium\6.Sem\Untersuchu #
#                            ng_R2R_Mittelwert_PWM\Debug\List\R2R.map          #
#                            -xms                                              #
#                            "-IC:\Program Files (x86)\IAR Systems\Embedded Wo #
#                            rkbench 8.5\430\LIB\\"                            #
#                            -f                                                #
#                            "C:\Program Files (x86)\IAR Systems\Embedded Work #
#                            bench 8.5\430\config\linker\lnk430f5529.xcl"      #
#                            (-cmsp430 -D?CPU30_OFFSET=2 -QCODE_I=CODE_ID      #
#                            -QTLS16_I=TLS16_ID -D__iar_HWMUL=4C0              #
#                            -Z(CONST)INFO=1800-19FF                           #
#                            -Z(CONST)INFOA=1980-19FF                          #
#                            -Z(CONST)INFOB=1900-197F                          #
#                            -Z(CONST)INFOC=1880-18FF                          #
#                            -Z(CONST)INFOD=1800-187F                          #
#                            -Z(DATA)USBRAM=1C00-23FF                          #
#                            -Z(DATA)DATA16_I,DATA16_Z,DATA16_N,TLS16_I=2400-4 #
#                            3FF                                               #
#                            -Z(DATA)DATA16_HEAP+_DATA16_HEAP_SIZE             #
#                            -Z(DATA)CODE_I                                    #
#                            -Z(DATA)DATA20_I,DATA20_Z,DATA20_N,DATA20_HEAP+_D #
#                            ATA20_HEAP_SIZE                                   #
#                            -Z(DATA)CSTACK+_STACK_SIZE#                       #
#                            -Z(CONST)DATA16_C,DATA16_ID,TLS16_ID,DIFUNCT,CHEC #
#                            KSUM=4400-FF7F                                    #
#                            -Z(CODE)CSTART,ISR_CODE,CODE16=4400-FF7F          #
#                            -P(CODE)CODE=4400-FF7F,10000-243F7                #
#                            -Z(CONST)DATA20_C,DATA20_ID,CODE_ID=4400-FF7F,100 #
#                            40-243F7                                          #
#                            -Z(CODE)INTVEC=FF80-FFFF                          #
#                            -Z(CODE)RESET=FFFE-FFFF) -f                       #
#                            "C:\Program Files (x86)\IAR Systems\Embedded Work #
#                            bench 8.5\430\config\linker\multiplier32.xcl"     #
#                            (-e?Mul8Hw=?Mul8 -e?Mul16Hw=?Mul16                #
#                            -e?Mul16to32uHw=?Mul16to32u                       #
#                            -e?Mul16to32sHw=?Mul16to32s -e?Mul32Hw32=?Mul32   #
#                            -e?Mul64Hw32=_Mul64i                              #
#                            -e?Mul32u32uto64iHw32=_Mul32u32uto64i             #
#                            -e?Mul32fHw32=_Mul32f                             #
#                            -e_Mul64fHw32Ptr=_Mul64fPtr) -D_STACK_SIZE=A0     #
#                            -rt                                               #
#                            "C:\Program Files (x86)\IAR Systems\Embedded Work #
#                            bench 8.5\430\lib\dlib\dl430xlsfn.r43"            #
#                            -e_PrintfLarge=_Printf -e_ScanfLarge=_Scanf       #
#                            -D_DATA16_HEAP_SIZE=A0 -s __program_start         #
#                            -D_DATA20_HEAP_SIZE=50)                           #
#                                                                              #
#                           Copyright (C) 1987-2019 IAR Systems AB.            #
################################################################################





                ****************************************
                *                                      *
                *           CROSS REFERENCE            *
                *                                      *
                ****************************************

       Program entry at :           4402  Relocatable, from module : ?cstart




                ****************************************
                *                                      *
                *            RUNTIME MODEL             *
                *                                      *
                ****************************************

  __Heap_Handler             = Basic
  __SystemLibrary            = DLib
  __code_model               = large
  __core                     = 430X
  __data_model               = small
  __dlib_file_descriptor     = 0
  __dlib_full_locale_support = 0
  __double_size              = 32
  __pic                      = no
  __reg_r4                   = free
  __reg_r5                   = free
  __rt_version               = 3

                ****************************************
                *                                      *
                *    AUTOMATIC SYMBOL REDIRECTIONS     *
                *                                      *
                ****************************************

                  There are no automatic symbol redirections.



                ****************************************
                *                                      *
                *              MODULE MAP              *
                *                                      *
                ****************************************


  DEFINED ABSOLUTE ENTRIES
    *************************************************************************

  DEFINED ABSOLUTE ENTRIES
  PROGRAM MODULE, NAME : ?ABS_ENTRY_MOD

Absolute parts
           ENTRY                   ADDRESS         REF BY
           =====                   =======         ======
           _DATA20_HEAP_SIZE       0050 
           _DATA16_HEAP_SIZE       00A0 
           _STACK_SIZE             00A0 
           __iar_HWMUL             04C0 
           ?CPU30_OFFSET           0002 
    *************************************************************************

  FILE NAME : C:\Users\elokn\Documents\Studium\6.Sem\Untersuchung_R2R_Mittelwert_PWM\Debug\Obj\init.r43
  PROGRAM MODULE, NAME : init

  SEGMENTS IN THE MODULE
  ======================
DATA16_AN
  Relative segment, address: 0202 - 0203 (0x2 bytes), align: 0
  Segment part 1. ROOT        Intra module refs:   initMC
                                                   main (main)
           ENTRY                   ADDRESS         REF BY
           =====                   =======         ======
           _A_PAOUT_L              0202 
           LOCAL                   ADDRESS         
           =====                   =======         
           PAOUT                   0202 
           PAOUT_H                 0203 
           PAOUT_L                 0202 
    -------------------------------------------------------------------------
DATA16_AN
  Relative segment, address: 0204 - 0205 (0x2 bytes), align: 0
  Segment part 2. ROOT        Intra module refs:   initMC
                                                   initPWM
           ENTRY                   ADDRESS         REF BY
           =====                   =======         ======
           _A_PADIR_L              0204 
           LOCAL                   ADDRESS         
           =====                   =======         
           PADIR                   0204 
           PADIR_H                 0205 
           PADIR_L                 0204 
    -------------------------------------------------------------------------
DATA16_AN
  Relative segment, address: 0206 - 0207 (0x2 bytes), align: 0
  Segment part 3. ROOT        Intra module refs:   initMC
           ENTRY                   ADDRESS         REF BY
           =====                   =======         ======
           _A_PAREN_L              0206 
           LOCAL                   ADDRESS         
           =====                   =======         
           PAREN                   0206 
           PAREN_H                 0207 
           PAREN_L                 0206 
    -------------------------------------------------------------------------
DATA16_AN
  Relative segment, address: 020A - 020B (0x2 bytes), align: 0
  Segment part 4. ROOT        Intra module refs:   initMC
                                                   initPWM
                                                   initSPI
           ENTRY                   ADDRESS         REF BY
           =====                   =======         ======
           _A_PASEL_L              020A 
           LOCAL                   ADDRESS         
           =====                   =======         
           PASEL                   020A 
           PASEL_H                 020B 
           PASEL_L                 020A 
    -------------------------------------------------------------------------
DATA16_AN
  Relative segment, address: 021A - 021B (0x2 bytes), align: 0
  Segment part 5. ROOT        Intra module refs:   initMC
           ENTRY                   ADDRESS         REF BY
           =====                   =======         ======
           _A_PAIE_L               021A 
           LOCAL                   ADDRESS         
           =====                   =======         
           PAIE                    021A 
           PAIE_H                  021B 
           PAIE_L                  021A 
    -------------------------------------------------------------------------
DATA16_AN
  Relative segment, address: 021C - 021D (0x2 bytes), align: 0
  Segment part 6. ROOT        Intra module refs:   initMC
           ENTRY                   ADDRESS         REF BY
           =====                   =======         ======
           _A_PAIFG_L              021C 
           LOCAL                   ADDRESS         
           =====                   =======         
           PAIFG                   021C 
           PAIFG_H                 021D 
           PAIFG_L                 021C 
    -------------------------------------------------------------------------
DATA16_AN
  Relative segment, address: 0222 - 0223 (0x2 bytes), align: 0
  Segment part 7. ROOT        Intra module refs:   initMC
                                                   main (main)
           ENTRY                   ADDRESS         REF BY
           =====                   =======         ======
           _A_PBOUT_L              0222 
           LOCAL                   ADDRESS         
           =====                   =======         
           PBOUT                   0222 
           PBOUT_H                 0223 
           PBOUT_L                 0222 
    -------------------------------------------------------------------------
DATA16_AN
  Relative segment, address: 0224 - 0225 (0x2 bytes), align: 0
  Segment part 8. ROOT        Intra module refs:   initMC
           ENTRY                   ADDRESS         REF BY
           =====                   =======         ======
           _A_PBDIR_L              0224 
           LOCAL                   ADDRESS         
           =====                   =======         
           PBDIR                   0224 
           PBDIR_H                 0225 
           PBDIR_L                 0224 
    -------------------------------------------------------------------------
DATA16_AN
  Relative segment, address: 022A - 022B (0x2 bytes), align: 0
  Segment part 9. ROOT        Intra module refs:   initMC
                                                   initSPI
           ENTRY                   ADDRESS         REF BY
           =====                   =======         ======
           _A_PBSEL_L              022A 
           LOCAL                   ADDRESS         
           =====                   =======         
           PBSEL                   022A 
           PBSEL_H                 022B 
           PBSEL_L                 022A 
    -------------------------------------------------------------------------
DATA16_AN
  Relative segment, address: 0242 - 0243 (0x2 bytes), align: 0
  Segment part 10. ROOT       Intra module refs:   initR2R
           ENTRY                   ADDRESS         REF BY
           =====                   =======         ======
           _A_PCOUT_L              0242 
           LOCAL                   ADDRESS         
           =====                   =======         
           PCOUT                   0242 
           PCOUT_H                 0243 
           PCOUT_L                 0242 
    -------------------------------------------------------------------------
DATA16_AN
  Relative segment, address: 0244 - 0245 (0x2 bytes), align: 0
  Segment part 11. ROOT       Intra module refs:   initR2R
           ENTRY                   ADDRESS         REF BY
           =====                   =======         ======
           _A_PCDIR_L              0244 
           LOCAL                   ADDRESS         
           =====                   =======         
           PCDIR                   0244 
           PCDIR_H                 0245 
           PCDIR_L                 0244 
    -------------------------------------------------------------------------
DATA16_AN
  Relative segment, address: 0380 - 0381 (0x2 bytes), align: 0
  Segment part 12. ROOT       Intra module refs:   initPWM
           ENTRY                   ADDRESS         REF BY
           =====                   =======         ======
           TA1CTL                  0380 
    -------------------------------------------------------------------------
DATA16_AN
  Relative segment, address: 0384 - 0385 (0x2 bytes), align: 0
  Segment part 13. ROOT       Intra module refs:   initPWM
           ENTRY                   ADDRESS         REF BY
           =====                   =======         ======
           TA1CCTL1                0384 
    -------------------------------------------------------------------------
DATA16_AN
  Relative segment, address: 0392 - 0393 (0x2 bytes), align: 0
  Segment part 14. ROOT       Intra module refs:   initPWM
           ENTRY                   ADDRESS         REF BY
           =====                   =======         ======
           TA1CCR0                 0392 
    -------------------------------------------------------------------------
DATA16_AN
  Relative segment, address: 0394 - 0395 (0x2 bytes), align: 0
  Segment part 15. ROOT       Intra module refs:   initPWM
           ENTRY                   ADDRESS         REF BY
           =====                   =======         ======
           TA1CCR1                 0394 
    -------------------------------------------------------------------------
DATA16_AN
  Relative segment, address: 05E0 - 05E1 (0x2 bytes), align: 0
  Segment part 16. ROOT       Intra module refs:   initSPI
           ENTRY                   ADDRESS         REF BY
           =====                   =======         ======
           _A_UCB0CTLW0_L          05E0 
           LOCAL                   ADDRESS         
           =====                   =======         
           UCB0CTLW0               05E0 
           UCB0CTLW0_H             05E1 
           UCB0CTLW0_L             05E0 
    -------------------------------------------------------------------------
DATA16_AN
  Relative segment, address: 05FC - 05FD (0x2 bytes), align: 0
  Segment part 17. ROOT       Intra module refs:   initSPI
                                                   main (main)
           ENTRY                   ADDRESS         REF BY
           =====                   =======         ======
           _A_UCB0ICTL_L           05FC 
           LOCAL                   ADDRESS         
           =====                   =======         
           UCB0ICTL                05FC 
           UCB0ICTL_H              05FD 
           UCB0ICTL_L              05FC 
    -------------------------------------------------------------------------
DATA16_AN
  Relative segment, address: 0600 - 0601 (0x2 bytes), align: 0
  Segment part 18. ROOT       Intra module refs:   initUART
           ENTRY                   ADDRESS         REF BY
           =====                   =======         ======
           _A_UCA1CTLW0_L          0600 
           LOCAL                   ADDRESS         
           =====                   =======         
           UCA1CTLW0               0600 
           UCA1CTLW0_H             0601 
           UCA1CTLW0_L             0600 
    -------------------------------------------------------------------------
DATA16_AN
  Relative segment, address: 0606 - 0607 (0x2 bytes), align: 0
  Segment part 19. ROOT       Intra module refs:   initUART
           ENTRY                   ADDRESS         REF BY
           =====                   =======         ======
           _A_UCA1BRW_L            0606 
           LOCAL                   ADDRESS         
           =====                   =======         
           UCA1BRW                 0606 
           UCA1BRW_H               0607 
           UCA1BRW_L               0606 
    -------------------------------------------------------------------------
DATA16_AN
  Relative segment, address: 0608 - 0608 (0x1 bytes), align: 0
  Segment part 20. ROOT       Intra module refs:   initUART
           ENTRY                   ADDRESS         REF BY
           =====                   =======         ======
           UCA1MCTL                0608 
    -------------------------------------------------------------------------
DATA16_AN
  Relative segment, address: 060A - 060A (0x1 bytes), align: 0
  Segment part 21. ROOT       Intra module refs:   initUART
           ENTRY                   ADDRESS         REF BY
           =====                   =======         ======
           UCA1STAT                060A 
    -------------------------------------------------------------------------
DATA16_AN
  Relative segment, address: 0610 - 0610 (0x1 bytes), align: 0
  Segment part 22. ROOT       Intra module refs:   initUART
           ENTRY                   ADDRESS         REF BY
           =====                   =======         ======
           UCA1ABCTL               0610 
    -------------------------------------------------------------------------
DATA16_AN
  Relative segment, address: 061C - 061D (0x2 bytes), align: 0
  Segment part 23. ROOT       Intra module refs:   initUART
           ENTRY                   ADDRESS         REF BY
           =====                   =======         ======
           _A_UCA1ICTL_L           061C 
           LOCAL                   ADDRESS         
           =====                   =======         
           UCA1ICTL                061C 
           UCA1ICTL_H              061D 
           UCA1ICTL_L              061C 
    -------------------------------------------------------------------------
DATA16_AN
  Relative segment, address: 015C - 015D (0x2 bytes), align: 0
  Segment part 24. ROOT       Intra module refs:   initMC
           ENTRY                   ADDRESS         REF BY
           =====                   =======         ======
           _A_WDTCTL_L             015C 
           LOCAL                   ADDRESS         
           =====                   =======         
           WDTCTL                  015C 
           WDTCTL_H                015D 
           WDTCTL_L                015C 
    -------------------------------------------------------------------------
<CODE> 1 (was CODE)
  Relative segment, address: 447E - 44BB (0x3e bytes), align: 1
  Segment part 26.
           ENTRY                   ADDRESS         REF BY
           =====                   =======         ======
           initMC                  447E            main (main)
    -------------------------------------------------------------------------
<CODE> 1 (was CODE)
  Relative segment, address: 4514 - 4533 (0x20 bytes), align: 1
  Segment part 27.
           ENTRY                   ADDRESS         REF BY
           =====                   =======         ======
           initPWM                 4514            main (main)
    -------------------------------------------------------------------------
<CODE> 1 (was CODE)
  Relative segment, address: 456A - 4573 (0xa bytes), align: 1
  Segment part 28.
           ENTRY                   ADDRESS         REF BY
           =====                   =======         ======
           initR2R                 456A            main (main)
    -------------------------------------------------------------------------
<CODE> 1 (was CODE)
  Relative segment, address: 44BC - 44E9 (0x2e bytes), align: 1
  Segment part 29.
           ENTRY                   ADDRESS         REF BY
           =====                   =======         ======
           initUART                44BC            main (main)
    -------------------------------------------------------------------------
<CODE> 1 (was CODE)
  Relative segment, address: 44EA - 4513 (0x2a bytes), align: 1
  Segment part 30.
           ENTRY                   ADDRESS         REF BY
           =====                   =======         ======
           initSPI                 44EA            main (main)

    *************************************************************************

  FILE NAME : C:\Users\elokn\Documents\Studium\6.Sem\Untersuchung_R2R_Mittelwert_PWM\Debug\Obj\interface.r43
  PROGRAM MODULE, NAME : interface

  SEGMENTS IN THE MODULE
  ======================
DATA16_AN
  Relative segment, address: 05EC - 05EC (0x1 bytes), align: 0
  Segment part 1. ROOT        Intra module refs:   ISR_USCI_B0 (main)
           ENTRY                   ADDRESS         REF BY
           =====                   =======         ======
           UCB0RXBUF               05EC 
    -------------------------------------------------------------------------
DATA16_AN
  Relative segment, address: 05EE - 05EE (0x1 bytes), align: 0
  Segment part 2. ROOT        Intra module refs:   main (main)
           ENTRY                   ADDRESS         REF BY
           =====                   =======         ======
           UCB0TXBUF               05EE 
    -------------------------------------------------------------------------
DATA16_AN
  Relative segment, address: 060E - 060E (0x1 bytes), align: 0
  Segment part 4. ROOT 
           ENTRY                   ADDRESS         REF BY
           =====                   =======         ======
           UCA1TXBUF               060E 

    *************************************************************************

  FILE NAME : C:\Users\elokn\Documents\Studium\6.Sem\Untersuchung_R2R_Mittelwert_PWM\Debug\Obj\main.r43
  PROGRAM MODULE, NAME : main

  SEGMENTS IN THE MODULE
  ======================
DATA16_Z
  Relative segment, address: 2402 - 2403 (0x2 bytes), align: 1
  Segment part 9.             Intra module refs:   main
           ENTRY                   ADDRESS         REF BY
           =====                   =======         ======
           pwm_on                  2402 
    -------------------------------------------------------------------------
DATA16_I
  Relative segment, address: 2400 - 2401 (0x2 bytes), align: 1
  Segment part 10.            Intra module refs:   main
           ENTRY                   ADDRESS         REF BY
           =====                   =======         ======
           pwm_anzahl              2400 
    -------------------------------------------------------------------------
DATA16_Z
  Relative segment, address: 2404 - 2404 (0x1 bytes), align: 0
  Segment part 19.            Intra module refs:   ISR_USCI_B0
                                                   main
           ENTRY                   ADDRESS         REF BY
           =====                   =======         ======
           rx_data                 2404 
    -------------------------------------------------------------------------
<CODE> 1 (was CODE)
  Relative segment, address: 4432 - 447D (0x4c bytes), align: 1
  Segment part 20.
           ENTRY                   ADDRESS         REF BY
           =====                   =======         ======
           main                    4432            Segment part 27 (?cstart)
               calls direct
    -------------------------------------------------------------------------
ISR_CODE
  Relative segment, address: 442A - 4431 (0x8 bytes), align: 1
  Segment part 21.            Intra module refs:   ISR_USCI_B0::??INTVEC 110
           ENTRY                   ADDRESS         REF BY
           =====                   =======         ======
           ISR_USCI_B0             442A 
               interrupt function
    -------------------------------------------------------------------------
INTVEC
  Common segment, address: FF80 - FFEF (0x70 bytes), align: 1
  Segment part 6. ROOT 
           ENTRY                   ADDRESS         REF BY
           =====                   =======         ======
           ISR_USCI_B0::??INTVEC 110
                                   FFEE 
    -------------------------------------------------------------------------
DATA16_ID
  Relative segment, address: 4400 - 4401 (0x2 bytes), align: 1
  Segment part 11.            Intra module refs:   pwm_anzahl

    *************************************************************************

  FILE NAME : C:\Program Files (x86)\IAR Systems\Embedded Workbench 8.5\430\lib\dlib\dl430xlsfn.r43
  LIBRARY MODULE, NAME : ?__dbg_break

  SEGMENTS IN THE MODULE
  ======================
<CODE> 1 (was CODE)
  Relative segment, address: 4580 - 4581 (0x2 bytes), align: 1
  Segment part 2.
           ENTRY                   ADDRESS         REF BY
           =====                   =======         ======
           __DebugBreak            4580            __exit (?__exit)

    -------------------------------------------------------------------------
  LIBRARY MODULE, NAME : ?__exit

  SEGMENTS IN THE MODULE
  ======================
<CODE> 1 (was CODE)
  Relative segment, address: 4534 - 4547 (0x14 bytes), align: 1
  Segment part 2.
           ENTRY                   ADDRESS         REF BY
           =====                   =======         ======
           __exit                  4534            Segment part 6 (?_exit)
                                                   _exit (?_exit)
               calls direct

    -------------------------------------------------------------------------
  LIBRARY MODULE, NAME : ?_exit

  SEGMENTS IN THE MODULE
  ======================
<CODE> 1 (was CODE)
  Relative segment, address: 457C, align: 1
  Segment part 0.
           ENTRY                   ADDRESS         REF BY
           =====                   =======         ======
           _exit                   457C            exit (?exit)
    -------------------------------------------------------------------------
<CODE> 1 (was CODE)
  Relative segment, address: 457C - 457F (0x4 bytes), align: 1
  Segment part 6.             Intra module refs:   _exit

    -------------------------------------------------------------------------
  LIBRARY MODULE, NAME : ?cstart

  SEGMENTS IN THE MODULE
  ======================
CSTACK
  Relative segment, address: 4360, align: 1
  Segment part 1.
    -------------------------------------------------------------------------
DATA16_Z
  Relative segment, address: 2404, align: 1
  Segment part 2.
    -------------------------------------------------------------------------
DATA16_I
  Relative segment, address: 2402, align: 1
  Segment part 3.
    -------------------------------------------------------------------------
DATA16_ID
  Relative segment, address: 4402, align: 1
  Segment part 4.
    -------------------------------------------------------------------------
CODE_I
  Relative segment, address: 2406, align: 1
  Segment part 5.
    -------------------------------------------------------------------------
CODE_ID
  Relative segment, address: 4582, align: 1
  Segment part 6.
    -------------------------------------------------------------------------
DATA20_Z
  Relative segment, address: 2406, align: 1
  Segment part 7.
    -------------------------------------------------------------------------
DATA20_I
  Relative segment, address: 2406, align: 1
  Segment part 8.
    -------------------------------------------------------------------------
DATA20_ID
  Relative segment, address: 4582, align: 1
  Segment part 9.
    -------------------------------------------------------------------------
DATA20_C
  Relative segment, address: 4582, align: 1
  Segment part 10.
    -------------------------------------------------------------------------
DATA20_N
  Relative segment, address: 2406, align: 1
  Segment part 12.
    -------------------------------------------------------------------------
CSTART
  Relative segment, address: 4402 - 4405 (0x4 bytes), align: 1
  Segment part 15.
           ENTRY                   ADDRESS         REF BY
           =====                   =======         ======
           __program_start         4402            ?reset_vector (?reset_vector)
                                                   Absolute parts (?ABS_ENTRY_MOD)
           ?cstart_begin           4402 
    -------------------------------------------------------------------------
CSTART
  Relative segment, address: 4406 - 4411 (0xc bytes), align: 1
  Segment part 20.
           ENTRY                   ADDRESS         REF BY
           =====                   =======         ======
           ?cstart_init_zero       4406            pwm_on (main)
                                                   rx_data (main)
    -------------------------------------------------------------------------
CSTART
  Relative segment, address: 4412 - 4421 (0x10 bytes), align: 1
  Segment part 21.
           ENTRY                   ADDRESS         REF BY
           =====                   =======         ======
           ?cstart_init_copy       4412            pwm_anzahl (main)
    -------------------------------------------------------------------------
CSTART
  Relative segment, address: 4422 - 4429 (0x8 bytes), align: 1
  Segment part 27.            Intra module refs:   Segment part 15
           ENTRY                   ADDRESS         REF BY
           =====                   =======         ======
           ?cstart_call_main       4422 
           ?cstart_end             442A 
    -------------------------------------------------------------------------
CODE_ID
  Relative segment, address: 4582, align: 1
  Segment part 28.            Intra module refs:   Segment part 5

    -------------------------------------------------------------------------
  LIBRARY MODULE, NAME : ?reset_vector

  SEGMENTS IN THE MODULE
  ======================
RESET
  Relative segment, address: FFFE - FFFF (0x2 bytes), align: 1
  Segment part 0.
           ENTRY                   ADDRESS         REF BY
           =====                   =======         ======
           ?reset_vector           FFFE            Segment part 15 (?cstart)

    -------------------------------------------------------------------------
  LIBRARY MODULE, NAME : ?exit

  SEGMENTS IN THE MODULE
  ======================
<CODE> 1 (was CODE)
  Relative segment, address: 4574 - 4577 (0x4 bytes), align: 1
  Segment part 2.
           ENTRY                   ADDRESS         REF BY
           =====                   =======         ======
           exit                    4574            Segment part 27 (?cstart)
               calls direct

    -------------------------------------------------------------------------
  LIBRARY MODULE, NAME : ?memcpy

  SEGMENTS IN THE MODULE
  ======================
<CODE> 1 (was CODE)
  Relative segment, address: 4548 - 4559 (0x12 bytes), align: 1
  Segment part 2.
           ENTRY                   ADDRESS         REF BY
           =====                   =======         ======
           memcpy                  4548            __data16_memcpy (?memzero)

    -------------------------------------------------------------------------
  LIBRARY MODULE, NAME : ?memzero

  SEGMENTS IN THE MODULE
  ======================
<CODE> 1 (was CODE)
  Relative segment, address: 455A - 4569 (0x10 bytes), align: 1
  Segment part 2.
           ENTRY                   ADDRESS         REF BY
           =====                   =======         ======
           __data16_memzero        455A            ?cstart_init_zero (?cstart)
    -------------------------------------------------------------------------
<CODE> 1 (was CODE)
  Relative segment, address: 4578 - 457B (0x4 bytes), align: 1
  Segment part 3.
           ENTRY                   ADDRESS         REF BY
           =====                   =======         ======
           __data16_memcpy         4578            ?cstart_init_copy (?cstart)
               calls direct




                ****************************************
                *                                      *
                *      SEGMENTS IN ADDRESS ORDER       *
                *                                      *
                ****************************************


SEGMENT              SPACE    START ADDRESS   END ADDRESS     SIZE  TYPE  ALIGN
=======              =====    =============   ===========     ====  ====  =====
DATA16_AN                              015C - 015D               2   rel    0
                                       0202 - 0207               6 
                                       020A - 020B               2 
                                       021A - 021D               4 
                                       0222 - 0225               4 
                                       022A - 022B               2 
                                       0242 - 0245               4 
                                       0380 - 0381               2 
                                       0384 - 0385               2 
                                       0392 - 0395               4 
                                       05E0 - 05E1               2 
                                       05EC - 05EC               1 
                                       05EE - 05EE               1 
                                       05FC - 05FD               2 
                                       0600 - 0601               2 
                                       0606 - 0608               3 
                                       060A - 060A               1 
                                       060E - 060E               1 
                                       0610 - 0610               1 
                                       061C - 061D               2 
DATA16_I                               2400 - 2401               2   rel    1
DATA16_Z                               2402 - 2404               3   rel    1
CODE_I                                    2406                       rel    1
DATA20_Z                                  2406                       rel    1
DATA20_N                                  2406                       rel    1
DATA20_I                                  2406                       rel    1
CSTACK                                 4360 - 43FF              A0   rel    1
DATA16_C                                  4400                       dse    0
DATA16_ID                              4400 - 4401               2   rel    1
CSTART                                 4402 - 4429              28   rel    1
ISR_CODE                               442A - 4431               8   rel    1
<CODE> 1                               4432 - 4581             150   rel    1
CODE_ID                                   4582                       rel    1
DATA20_ID                                 4582                       rel    1
DATA20_C                                  4582                       rel    1
INTVEC                                 FF80 - FFEF              70   com    1
RESET                                  FFFE - FFFF               2   rel    1

                ****************************************
                *                                      *
                *        END OF CROSS REFERENCE        *
                *                                      *
                ****************************************

 498 bytes of CODE  memory
 165 bytes of DATA  memory (+ 48 absolute )
   2 bytes of CONST memory

Errors: none
Warnings: none

